<svg xmlns:svg="http://www.w3.org/2000/svg" xmlns="http://www.w3.org/2000/svg" xmlns:sodipodi="http://sodipodi.sourceforge.net/DTD/sodipodi-0.dtd" xmlns:inkscape="http://www.inkscape.org/namespaces/inkscape" sodipodi:docname="glass.svg" width="25cm" height="10cm" viewBox="0 0 249.99999 100" version="1.1" id="svg6" inkscape:version="1.1-dev (1:0.92.0+devel+202005110039+9ce7266)">
  <defs id="defs2">
    <inkscape:path-effect only_selected="false" apply_with_weight="true" apply_no_weight="true" helper_size="0" steps="2" weight="33.333333" lpeversion="1" is_visible="true" id="path-effect311" effect="bspline"/>
    <inkscape:path-effect only_selected="false" apply_with_weight="true" apply_no_weight="true" helper_size="0" steps="2" weight="33.333333" lpeversion="1" is_visible="true" id="path-effect848" effect="bspline"/>
    <inkscape:path-effect effect="bspline" id="path-effect624" is_visible="true" lpeversion="1" weight="33.333333" steps="2" helper_size="0" apply_no_weight="true" apply_with_weight="true" only_selected="false"/>
    <inkscape:path-effect effect="bspline" id="path-effect463" is_visible="true" lpeversion="1" weight="33.333333" steps="2" helper_size="0" apply_no_weight="true" apply_with_weight="true" only_selected="false"/>
    <inkscape:path-effect only_selected="false" apply_with_weight="true" apply_no_weight="true" helper_size="0" steps="2" weight="33.333333" lpeversion="1" is_visible="true" id="path-effect366" effect="bspline"/>
    <inkscape:path-effect effect="bspline" id="path-effect281" is_visible="true" lpeversion="1" weight="33.333333" steps="2" helper_size="0" apply_no_weight="true" apply_with_weight="true" only_selected="false"/>
    <inkscape:path-effect only_selected="false" apply_with_weight="true" apply_no_weight="true" helper_size="0" steps="2" weight="33.333333" lpeversion="1" is_visible="true" id="path-effect208" effect="bspline"/>
    <inkscape:path-effect effect="bspline" id="path-effect84" is_visible="true" lpeversion="1" weight="33.333333" steps="2" helper_size="0" apply_no_weight="true" apply_with_weight="true" only_selected="false"/>
    <inkscape:path-effect effect="bspline" id="path-effect43" is_visible="true" lpeversion="1" weight="33.333333" steps="2" helper_size="0" apply_no_weight="true" apply_with_weight="true" only_selected="false"/>
    <inkscape:path-effect effect="bspline" id="path-effect39" is_visible="true" lpeversion="1" weight="33.333333" steps="2" helper_size="0" apply_no_weight="true" apply_with_weight="true" only_selected="false"/>
    <inkscape:path-effect effect="bspline" id="path-effect35" is_visible="true" lpeversion="1" weight="33.333333" steps="2" helper_size="0" apply_no_weight="true" apply_with_weight="true" only_selected="false"/>
    <inkscape:path-effect effect="bspline" id="path-effect31" is_visible="true" lpeversion="1" weight="33.333333" steps="2" helper_size="0" apply_no_weight="true" apply_with_weight="true" only_selected="false"/>
    <inkscape:path-effect effect="bspline" id="path-effect27" is_visible="true" lpeversion="1" weight="33.333333" steps="2" helper_size="0" apply_no_weight="true" apply_with_weight="true" only_selected="false"/>
    <inkscape:path-effect effect="bspline" id="path-effect966" is_visible="true" lpeversion="1" weight="33.333333" steps="2" helper_size="0" apply_no_weight="true" apply_with_weight="true" only_selected="false"/>
    <inkscape:path-effect only_selected="false" apply_with_weight="true" apply_no_weight="true" helper_size="0" steps="2" weight="33.333333" lpeversion="1" is_visible="true" id="path-effect962" effect="bspline"/>
    <inkscape:path-effect only_selected="false" apply_with_weight="true" apply_no_weight="true" helper_size="0" steps="2" weight="33.333333" lpeversion="1" is_visible="true" id="path-effect839" effect="bspline"/>
    <inkscape:path-effect only_selected="false" apply_with_weight="true" apply_no_weight="true" helper_size="0" steps="2" weight="33.333333" lpeversion="1" is_visible="true" id="path-effect835" effect="bspline"/>
  </defs>
  <sodipodi:namedview inkscape:snap-global="false" lock-margins="true" units="cm" fit-margin-bottom="0" fit-margin-right="0" fit-margin-left="0" fit-margin-top="0" inkscape:snap-midpoints="true" inkscape:snap-smooth-nodes="true" inkscape:snap-intersection-paths="true" inkscape:object-paths="true" inkscape:snap-bbox-midpoints="true" inkscape:snap-bbox-edge-midpoints="true" inkscape:bbox-nodes="true" inkscape:bbox-paths="true" inkscape:snap-bbox="true" inkscape:window-maximized="1" inkscape:window-y="24" inkscape:window-x="1985" inkscape:window-height="1056" inkscape:window-width="1855" showgrid="true" inkscape:current-layer="g757" inkscape:document-units="mm" inkscape:cy="496.62685" inkscape:cx="384.56816" inkscape:zoom="0.7" inkscape:pageshadow="2" inkscape:pageopacity="0.0" borderopacity="1.0" bordercolor="#666666" pagecolor="#ffffff" id="base" showguides="false">
    <inkscape:grid type="xygrid" id="grid23" originx="-9.9999996e-07" originy="0"/>
  </sodipodi:namedview>
  <g transform="translate(10.735782,-11.947569)" id="layer1" inkscape:groupmode="layer" inkscape:label="Layer 1"/>
  <g id="g757">
    <g id="g1271">
      <path style="fill:none;stroke:#000000;stroke-width:0.264583px;stroke-linecap:butt;stroke-linejoin:miter;stroke-opacity:1" d="m 39.264218,11.947569 c 0,33.333597 0,66.666929 0,100.000001" id="path25" inkscape:path-effect="#path-effect27" inkscape:original-d="m 39.264218,11.947569 c 2.64e-4,33.333597 2.64e-4,66.666929 0,100.000001" transform="translate(10.7358, -11.9476)">
        <desc id="desc57">optics:beam_dump</desc>
      </path>
      <path style="fill:none;stroke:#000000;stroke-width:0.264583px;stroke-linecap:butt;stroke-linejoin:miter;stroke-opacity:1" d="m 89.264218,11.947569 c 0,33.838396 0,66.666929 0,100.000001" id="path29" inkscape:path-effect="#path-effect31" inkscape:original-d="m 89.264218,11.947569 c 0.190899,33.838396 2.64e-4,66.666929 0,100.000001" transform="translate(10.7358, -11.9476)">
        <desc id="desc60">optics:beam_dump</desc>
      </path>
      <path style="fill:none;stroke:#000000;stroke-width:0.264583px;stroke-linecap:butt;stroke-linejoin:miter;stroke-opacity:1" d="m 139.26422,11.947569 c 0,33.333597 0,66.666929 0,100.000001" id="path33" inkscape:path-effect="#path-effect35" inkscape:original-d="m 139.26422,11.947569 c 2.6e-4,33.333597 2.6e-4,66.666929 0,100.000001" transform="translate(10.7358, -11.9476)">
        <desc id="desc63">optics:beam_dump</desc>
      </path>
      <path style="fill:none;stroke:#000000;stroke-width:0.264583px;stroke-linecap:butt;stroke-linejoin:miter;stroke-opacity:1" d="m 189.26422,11.947569 c 0,33.333597 0,66.666929 0,100.000001" id="path37" inkscape:path-effect="#path-effect39" inkscape:original-d="m 189.26422,11.947569 c 2.6e-4,33.333597 2.6e-4,66.666929 0,100.000001" transform="translate(10.7358, -11.9476)">
        <desc id="desc66">optics:beam_dump</desc>
      </path>
      <path style="fill:none;stroke:#000000;stroke-width:0.264583px;stroke-linecap:butt;stroke-linejoin:miter;stroke-opacity:1" d="m -10.735782,61.947569 c 83.333597,0 166.666932,0 249.999992,0" id="path41" inkscape:path-effect="#path-effect43" inkscape:original-d="m -10.735782,61.947569 c 83.333597,2.64e-4 166.666932,2.64e-4 249.999992,0" transform="translate(10.7358, -11.9476)">
        <desc id="desc69">optics:beam_dump</desc>
      </path>
      <rect style="opacity:0.806096;fill:#b7c2dd;stroke:#000000;stroke-width:0.0649999;stroke-opacity:0.570877" id="rect80" width="30.000002" height="10" x="-0.73578286" y="31.947569" transform="translate(10.7358, -11.9476)">
        <desc id="desc140">optics:glass:1.516800045967102</desc>
      </rect>
      <path style="fill:none;stroke:#000000;stroke-width:0.264583px;stroke-linecap:butt;stroke-linejoin:miter;stroke-opacity:1" d="m 4.2642169,16.947569 c 1.6668253,3.333651 3.3334918,6.666984 4.9999997,10" id="path82" inkscape:path-effect="#path-effect84" inkscape:original-d="m 4.2642169,16.947569 c 1.6669311,3.333598 3.3335978,6.666931 4.9999997,10" transform="translate(10.7358, -11.9476)">
        <desc id="desc110">optics:beam</desc>
      </path>
      <rect y="31.947569" x="49.264217" height="10" width="30.000002" id="rect202" style="opacity:0.806096;fill:#b7c2dd;stroke:#000000;stroke-width:0.0649999;stroke-opacity:0.570877" transform="translate(10.7358, -11.9476)">
        <desc id="desc200">optics:glass:1.516800045967102</desc>
      </rect>
      <path inkscape:original-d="m 59.264217,16.947569 c 2.64e-4,3.333598 2.64e-4,6.666931 -1e-6,10" inkscape:path-effect="#path-effect208" id="path206" d="m 59.264217,16.947569 c 0,3.333598 -1e-6,6.666931 -1e-6,10" style="fill:none;stroke:#000000;stroke-width:0.264583px;stroke-linecap:butt;stroke-linejoin:miter;stroke-opacity:1" sodipodi:nodetypes="cc" transform="translate(10.7358, -11.9476)">
        <desc id="desc204">optics:beam</desc>
      </path>
      <rect style="opacity:0.806096;fill:#b7c2dd;stroke:#000000;stroke-width:0.0649999;stroke-opacity:0.570877" id="rect275" width="30.000002" height="10" x="104.26421" y="31.947569" transform="translate(10.7358, -11.9476)">
        <desc id="desc273">optics:glass:1.516800045967102</desc>
      </rect>
      <path sodipodi:nodetypes="cc" style="fill:none;stroke:#000000;stroke-width:0.264583px;stroke-linecap:butt;stroke-linejoin:miter;stroke-opacity:1" d="m 94.264217,36.947569 c 1.666931,0 3.333598,0 5,0" id="path279" inkscape:path-effect="#path-effect281" inkscape:original-d="m 94.264217,36.947569 c 1.666931,2.65e-4 3.333598,2.65e-4 5,0" transform="translate(10.7358, -11.9476)">
        <desc id="desc277">optics:beam</desc>
      </path>
      <rect y="31.947569" x="154.26422" height="10" width="30.000002" id="rect360" style="opacity:0.806096;fill:#b7c2dd;stroke:#000000;stroke-width:0.0649999;stroke-opacity:0.570877" transform="translate(10.7358, -11.9476)">
        <desc id="desc358">optics:glass:1.516800045967102</desc>
      </rect>
      <path inkscape:original-d="m 144.26422,32.07986 c 1.66693,2.65e-4 3.3336,2.65e-4 5,0" inkscape:path-effect="#path-effect366" id="path364" d="m 144.26422,32.07986 c 1.66693,0 3.3336,0 5,0" style="fill:none;stroke:#000000;stroke-width:0.264583px;stroke-linecap:butt;stroke-linejoin:miter;stroke-opacity:1" sodipodi:nodetypes="cc" transform="translate(10.7358, -11.9476)">
        <desc id="desc362">optics:beam</desc>
      </path>
      <rect style="opacity:0.806096;fill:#b7c2dd;stroke:#000000;stroke-width:0.0649999;stroke-opacity:0.570877" id="rect457" width="30.000002" height="10" x="199.26422" y="31.947569" transform="translate(10.7358, -11.9476)">
        <desc id="desc455">optics:glass:1.516800045967102</desc>
      </rect>
      <path sodipodi:nodetypes="cc" style="fill:none;stroke:#000000;stroke-width:0.264583px;stroke-linecap:butt;stroke-linejoin:miter;stroke-opacity:1" d="m 210,25 c 0,0 -6.91976,-2.450185 -6.91976,-2.450185" id="path461" inkscape:path-effect="#path-effect463" inkscape:original-d="m 210,25 -6.91976,-2.450185">
        <desc id="desc459">optics:beam</desc>
      </path>
      <path sodipodi:nodetypes="cc" style="fill:none;stroke:#000000;stroke-width:0.264583px;stroke-linecap:butt;stroke-linejoin:miter;stroke-opacity:1" d="m 9.3965095,66.947569 c -3e-7,3.333598 -7e-7,6.666931 -1e-6,10" id="path622" inkscape:path-effect="#path-effect624" inkscape:original-d="m 9.3965095,66.947569 c 2.64e-4,3.333598 2.64e-4,6.666931 -1e-6,10" transform="translate(10.7358, -11.9476)">
        <desc id="desc620">optics:beam</desc>
      </path>
      <path inkscape:original-d="m 64.131926,66.947569 c 2.64e-4,3.333598 2.64e-4,6.666931 -1e-6,10" inkscape:path-effect="#path-effect848" id="path846" d="m 64.131926,66.947569 c 0,3.333598 -1e-6,6.666931 -1e-6,10" style="fill:none;stroke:#000000;stroke-width:0.264583px;stroke-linecap:butt;stroke-linejoin:miter;stroke-opacity:1" sodipodi:nodetypes="cc" transform="translate(10.7358, -11.9476)">
        <desc id="desc844">optics:beam</desc>
      </path>
      <circle style="opacity:0.806096;fill:#b7c2dd;stroke:#000000;stroke-width:0.0649999;stroke-opacity:0.570877" id="path564" cx="22.5" cy="77.5" r="7.5">
        <desc id="desc614">optics:glass:1.516800045967102</desc>
      </circle>
      <circle r="7.5" cy="77.5" cx="75" id="circle852" style="opacity:0.806096;fill:#b7c2dd;stroke:#000000;stroke-width:0.0649999;stroke-opacity:0.570877">
        <desc id="desc850">optics:glass:1.516800045967102</desc>
      </circle>
      <g id="g528">
        <circle style="opacity:0.806096;fill:#b7c2dd;stroke:#000000;stroke-width:0.0649999;stroke-opacity:0.570877" id="path305" cx="125" cy="80" r="5">
          <desc id="desc439">optics:glass:1.516800045967102</desc>
        </circle>
        <rect style="opacity:0.806096;fill:#b7c2dd;stroke:#000000;stroke-width:0.0649999;stroke-opacity:0.570877" id="rect307" width="15" height="5" x="120" y="65">
          <desc id="desc442">optics:glass:1.516800045967102</desc>
        </rect>
      </g>
      <path sodipodi:nodetypes="cc" inkscape:original-d="m 135,55 c -0.6411,2.347895 -1.28247,4.695515 -1.9241,7.042875" inkscape:path-effect="#path-effect311" id="path309" d="m 135,55 c -0.64142,2.347808 -1.28278,4.69543 -1.9241,7.042875" style="fill:none;stroke:#000000;stroke-width:0.264583px;stroke-linecap:butt;stroke-linejoin:miter;stroke-opacity:1">
        <desc id="desc374">optics:beam</desc>
      </path>
    </g>
  </g>
<svg:g inkscape:groupmode="layer" inkscape:label="rendered_beams"><svg:path style="fill:none;stroke:#000000;stroke-width:0.264583px;stroke-linecap:butt;stroke-linejoin:miter;stroke-opacity:1" d="M 20 15 L 22.5 20 L 25.5856 30 L 35.5856 50"/><svg:path style="fill:none;stroke:#000000;stroke-width:0.264583px;stroke-linecap:butt;stroke-linejoin:miter;stroke-opacity:1" d="M 70 15 L 70 20 L 70 30 L 70 50"/><svg:path style="fill:none;stroke:#000000;stroke-width:0.264583px;stroke-linecap:butt;stroke-linejoin:miter;stroke-opacity:1" d="M 110 25 L 115 25 L 145 25 L 150 25"/><svg:path style="fill:none;stroke:#000000;stroke-width:0.264583px;stroke-linecap:butt;stroke-linejoin:miter;stroke-opacity:1" d="M 160 20.1323 L 165 20.1323 L 195 20.1323 L 200 20.1323"/><svg:path style="fill:none;stroke:#000000;stroke-width:0.264583px;stroke-linecap:butt;stroke-linejoin:miter;stroke-opacity:1" d="M 203.08 22.5498 L 210 24.9999 L 232.165 30 L 240 28.2326 L 250 24.6916"/><svg:path style="fill:none;stroke:#000000;stroke-width:0.264583px;stroke-linecap:butt;stroke-linejoin:miter;stroke-opacity:1" d="M 20.1323 65 L 20.1323 70.3832 L 21.7659 84.9641 L 25.1781 100"/><svg:path style="fill:none;stroke:#000000;stroke-width:0.264583px;stroke-linecap:butt;stroke-linejoin:miter;stroke-opacity:1" d="M 74.8677 65 L 74.8677 70.0012 L 74.9573 85.0001 L 75.1391 100"/><svg:path style="fill:none;stroke:#000000;stroke-width:0.264583px;stroke-linecap:butt;stroke-linejoin:miter;stroke-opacity:1" d="M 133.076 62.0429 L 132.268 65 L 131.386 70 L 129.335 77.5079 L 124.589 84.9831 L 106.987 100"/></svg:g></svg>