<svg xmlns:svg="http://www.w3.org/2000/svg" xmlns="http://www.w3.org/2000/svg" xmlns:sodipodi="http://sodipodi.sourceforge.net/DTD/sodipodi-0.dtd" xmlns:inkscape="http://www.inkscape.org/namespaces/inkscape" width="149.99998mm" height="100mm" viewBox="0 0 149.99998 100" version="1.1" id="svg213" inkscape:version="1.1-dev (1:0.92.0+devel+202005110039+9ce7266)" sodipodi:docname="mirror.svg">
  <defs id="defs209">
    <inkscape:path-effect only_selected="false" apply_with_weight="true" apply_no_weight="true" helper_size="0" steps="2" weight="33.333333" lpeversion="1" is_visible="true" id="path-effect502" effect="bspline"/>
    <inkscape:path-effect only_selected="false" apply_with_weight="true" apply_no_weight="true" helper_size="0" steps="2" weight="33.333333" lpeversion="1" is_visible="true" id="path-effect356" effect="bspline"/>
    <inkscape:path-effect effect="bspline" id="path-effect27" is_visible="true" lpeversion="1" weight="33.333333" steps="2" helper_size="0" apply_no_weight="true" apply_with_weight="true" only_selected="false"/>
    <inkscape:path-effect effect="bspline" id="path-effect31" is_visible="true" lpeversion="1" weight="33.333333" steps="2" helper_size="0" apply_no_weight="true" apply_with_weight="true" only_selected="false"/>
    <inkscape:path-effect effect="bspline" id="path-effect35" is_visible="true" lpeversion="1" weight="33.333333" steps="2" helper_size="0" apply_no_weight="true" apply_with_weight="true" only_selected="false"/>
    <inkscape:path-effect effect="bspline" id="path-effect39" is_visible="true" lpeversion="1" weight="33.333333" steps="2" helper_size="0" apply_no_weight="true" apply_with_weight="true" only_selected="false"/>
    <inkscape:path-effect effect="bspline" id="path-effect43" is_visible="true" lpeversion="1" weight="33.333333" steps="2" helper_size="0" apply_no_weight="true" apply_with_weight="true" only_selected="false"/>
    <inkscape:path-effect effect="bspline" id="path-effect84" is_visible="true" lpeversion="1" weight="33.333333" steps="2" helper_size="0" apply_no_weight="true" apply_with_weight="true" only_selected="false"/>
    <inkscape:path-effect only_selected="false" apply_with_weight="true" apply_no_weight="true" helper_size="0" steps="2" weight="33.333333" lpeversion="1" is_visible="true" id="path-effect208" effect="bspline"/>
    <inkscape:path-effect effect="bspline" id="path-effect281" is_visible="true" lpeversion="1" weight="33.333333" steps="2" helper_size="0" apply_no_weight="true" apply_with_weight="true" only_selected="false"/>
    <inkscape:path-effect only_selected="false" apply_with_weight="true" apply_no_weight="true" helper_size="0" steps="2" weight="33.333333" lpeversion="1" is_visible="true" id="path-effect366" effect="bspline"/>
    <inkscape:path-effect effect="bspline" id="path-effect463" is_visible="true" lpeversion="1" weight="33.333333" steps="2" helper_size="0" apply_no_weight="true" apply_with_weight="true" only_selected="false"/>
    <inkscape:path-effect effect="bspline" id="path-effect624" is_visible="true" lpeversion="1" weight="33.333333" steps="2" helper_size="0" apply_no_weight="true" apply_with_weight="true" only_selected="false"/>
    <inkscape:path-effect only_selected="false" apply_with_weight="true" apply_no_weight="true" helper_size="0" steps="2" weight="33.333333" lpeversion="1" is_visible="true" id="path-effect848" effect="bspline"/>
    <inkscape:path-effect only_selected="false" apply_with_weight="true" apply_no_weight="true" helper_size="0" steps="2" weight="33.333333" lpeversion="1" is_visible="true" id="path-effect311" effect="bspline"/>
  </defs>
  <sodipodi:namedview inkscape:window-maximized="1" inkscape:window-y="24" inkscape:window-x="1985" inkscape:window-height="1056" inkscape:window-width="1855" fit-margin-bottom="0" fit-margin-right="0" fit-margin-left="0" fit-margin-top="0" showgrid="true" inkscape:current-layer="g1271" inkscape:document-units="mm" inkscape:cy="221.75557" inkscape:cx="440.41481" inkscape:zoom="0.98994949" inkscape:pageshadow="2" inkscape:pageopacity="0.0" borderopacity="1.0" bordercolor="#666666" pagecolor="#ffffff" id="base">
    <inkscape:grid originy="3.1e-05" originx="-1.7999999e-05" id="grid336" type="xygrid"/>
  </sodipodi:namedview>
  <g transform="translate(-1.8e-05, 3.1e-05)" id="layer1" inkscape:groupmode="layer" inkscape:label="Layer 1">
    <g id="g1271">
      <g id="g1553">
        <path transform="translate(10.7358, -11.9476)" inkscape:original-d="m 39.264218,11.947569 c 2.64e-4,33.333597 2.64e-4,66.666929 0,100.000001" inkscape:path-effect="#path-effect27" id="path25" d="m 39.264218,11.947569 c 0,33.333597 0,66.666929 0,100.000001" style="fill:none;stroke:#000000;stroke-width:0.264583px;stroke-linecap:butt;stroke-linejoin:miter;stroke-opacity:1">
          <desc id="desc57">optics:beam_dump</desc>
        </path>
        <path transform="translate(10.7358, -11.9476)" inkscape:original-d="m 89.264218,11.947569 c 0.190899,33.838396 2.64e-4,66.666929 0,100.000001" inkscape:path-effect="#path-effect31" id="path29" d="m 89.264218,11.947569 c 0,33.838396 0,66.666929 0,100.000001" style="fill:none;stroke:#000000;stroke-width:0.264583px;stroke-linecap:butt;stroke-linejoin:miter;stroke-opacity:1">
          <desc id="desc60">optics:beam_dump</desc>
        </path>
        <path transform="translate(10.7358, -11.9476)" inkscape:original-d="m -10.735782,61.947569 c 50.00026,2.65e-4 100.000256,2.65e-4 149.999982,0" inkscape:path-effect="#path-effect43" id="path41" d="m -10.735782,61.947569 c 50.00026,0 100.000256,0 149.999982,0" style="fill:none;stroke:#000000;stroke-width:0.264583px;stroke-linecap:butt;stroke-linejoin:miter;stroke-opacity:1" sodipodi:nodetypes="cc">
          <desc id="desc69">optics:beam_dump</desc>
        </path>
        <path transform="translate(10.7358, -11.9476)" inkscape:original-d="m 4.2642169,16.947569 c 1.6669311,3.333598 3.3335978,6.666931 4.9999997,10" inkscape:path-effect="#path-effect84" id="path82" d="m 4.2642169,16.947569 c 1.6668253,3.333651 3.3334918,6.666984 4.9999997,10" style="fill:none;stroke:#000000;stroke-width:0.264583px;stroke-linecap:butt;stroke-linejoin:miter;stroke-opacity:1">
          <desc id="desc110">optics:beam</desc>
        </path>
        <path transform="translate(10.7358, -11.9476)" sodipodi:nodetypes="cc" style="fill:none;stroke:#000000;stroke-width:0.264583px;stroke-linecap:butt;stroke-linejoin:miter;stroke-opacity:1" d="m 59.264217,16.947569 c 0,3.333598 -1e-6,6.666931 -1e-6,10" id="path206" inkscape:path-effect="#path-effect208" inkscape:original-d="m 59.264217,16.947569 c 2.64e-4,3.333598 2.64e-4,6.666931 -1e-6,10">
          <desc id="desc204">optics:beam</desc>
        </path>
        <rect transform="translate(10.7358, -11.9476)" y="21.947569" x="114.26422" height="20.000002" width="10.000003" id="rect275" style="opacity:0.806096;fill:#b7c2dd;stroke:#000000;stroke-width:0.0649999;stroke-opacity:0.570877">
          <desc id="desc273">optics:mirror</desc>
        </rect>
        <path inkscape:original-d="m 105,30 c 3.3336,-1.666401 6.66694,-3.333071 10,-5" inkscape:path-effect="#path-effect281" id="path279" d="m 105,30 c 3.33344,-1.66672 6.66678,-3.33339 10,-5" style="fill:none;stroke:#000000;stroke-width:0.264583px;stroke-linecap:butt;stroke-linejoin:miter;stroke-opacity:1" sodipodi:nodetypes="cc">
          <desc id="desc277">optics:beam</desc>
        </path>
        <path transform="translate(10.7358, -11.9476)" inkscape:original-d="m 9.3965095,66.947569 c 2.64e-4,3.333598 2.64e-4,6.666931 -1e-6,10" inkscape:path-effect="#path-effect624" id="path622" d="m 9.3965095,66.947569 c -3e-7,3.333598 -7e-7,6.666931 -1e-6,10" style="fill:none;stroke:#000000;stroke-width:0.264583px;stroke-linecap:butt;stroke-linejoin:miter;stroke-opacity:1" sodipodi:nodetypes="cc">
          <desc id="desc620">optics:beam</desc>
        </path>
        <path sodipodi:nodetypes="cc" style="fill:none;stroke:#000000;stroke-width:0.264583px;stroke-linecap:butt;stroke-linejoin:miter;stroke-opacity:1" d="m 75,55 c 0,3.333598 -10e-7,6.666931 -10e-7,10" id="path846" inkscape:path-effect="#path-effect848" inkscape:original-d="m 75,55 c 2.64e-4,3.333598 2.64e-4,6.666931 -10e-7,10">
          <desc id="desc844">optics:beam</desc>
        </path>
        <circle r="7.5" cy="77.5" cx="22.5" id="path564" style="opacity:0.806096;fill:#b7c2dd;stroke:#000000;stroke-width:0.0649999;stroke-opacity:0.570877">
          <desc id="desc614">optics:mirror</desc>
        </circle>
        <circle style="opacity:0.806096;fill:#b7c2dd;stroke:#000000;stroke-width:0.0649999;stroke-opacity:0.570877" id="circle852" cx="75" cy="77.5" r="7.5">
          <desc id="desc850">optics:mirror</desc>
        </circle>
        <g id="g528">
          <circle r="5" cy="80" cx="125" id="path305" style="opacity:0.806096;fill:#b7c2dd;stroke:#000000;stroke-width:0.0649999;stroke-opacity:0.570877">
            <desc id="desc439">optics:mirror</desc>
          </circle>
          <rect y="65" x="120" height="5" width="15" id="rect307" style="opacity:0.806096;fill:#b7c2dd;stroke:#000000;stroke-width:0.0649999;stroke-opacity:0.570877">
            <desc id="desc442">optics:mirror</desc>
          </rect>
        </g>
        <path style="fill:none;stroke:#000000;stroke-width:0.264583px;stroke-linecap:butt;stroke-linejoin:miter;stroke-opacity:1" d="m 135,55 c -0.64142,2.347808 -1.28278,4.69543 -1.9241,7.042875" id="path309" inkscape:path-effect="#path-effect311" inkscape:original-d="m 135,55 c -0.6411,2.347895 -1.28247,4.695515 -1.9241,7.042875" sodipodi:nodetypes="cc">
          <desc id="desc374">optics:beam</desc>
        </path>
        <path style="fill:none;stroke:#000000;stroke-width:0.264583px;stroke-linecap:butt;stroke-linejoin:miter;stroke-opacity:1" d="M 15,30 C 23.333471,26.666612 31.666803,23.333278 39.999999,20" id="path354" inkscape:path-effect="#path-effect356" inkscape:original-d="M 15,30 C 23.333598,26.66693 31.666931,23.333598 39.999999,20">
          <desc id="desc418">optics:mirror</desc>
        </path>
        <path style="fill:none;stroke:#000000;stroke-width:0.264583px;stroke-linecap:butt;stroke-linejoin:miter;stroke-opacity:1" d="m 59.999998,25 c 6.666931,0 13.333598,0 20,0" id="path500" inkscape:path-effect="#path-effect502" inkscape:original-d="m 59.999998,25 c 6.666931,2.64e-4 13.333598,2.64e-4 20,0">
          <desc id="desc565">optics:mirror</desc>
        </path>
      </g>
    </g>
  </g>
<svg:g inkscape:groupmode="layer" inkscape:label="rendered_beams"><svg:path style="fill:none;stroke:#000000;stroke-width:0.264583px;stroke-linecap:butt;stroke-linejoin:miter;stroke-opacity:1" d="M 20 15 L 25.4167 25.8334 L 17.5 -3.55271e-15"/><svg:path style="fill:none;stroke:#000000;stroke-width:0.264583px;stroke-linecap:butt;stroke-linejoin:miter;stroke-opacity:1" d="M 70 15 L 70 25 L 70 0"/><svg:path style="fill:none;stroke:#000000;stroke-width:0.264583px;stroke-linecap:butt;stroke-linejoin:miter;stroke-opacity:1" d="M 115 25 L 125 20.0001 L 100 7.50023"/><svg:path style="fill:none;stroke:#000000;stroke-width:0.264583px;stroke-linecap:butt;stroke-linejoin:miter;stroke-opacity:1" d="M 20.1323 65 L 20.1323 70.3832 L 4.87231 50"/><svg:path style="fill:none;stroke:#000000;stroke-width:0.264583px;stroke-linecap:butt;stroke-linejoin:miter;stroke-opacity:1" d="M 75 65 L 75 70 L 75 50"/><svg:path style="fill:none;stroke:#000000;stroke-width:0.264583px;stroke-linecap:butt;stroke-linejoin:miter;stroke-opacity:1" d="M 133.076 62.0429 L 132.268 65 L 128.17 50"/></svg:g></svg>