<svg xmlns:svg="http://www.w3.org/2000/svg" xmlns="http://www.w3.org/2000/svg" xmlns:sodipodi="http://sodipodi.sourceforge.net/DTD/sodipodi-0.dtd" xmlns:inkscape="http://www.inkscape.org/namespaces/inkscape" inkscape:version="1.1-dev (1:0.92.0+devel+202005110039+9ce7266)" sodipodi:docname="beams.svg" width="300mm" height="100mm" viewBox="0 0 300 100" version="1.1" id="svg6">
  <defs id="defs2">
    <inkscape:path-effect only_selected="false" apply_with_weight="true" apply_no_weight="true" helper_size="0" steps="2" weight="33.333333" lpeversion="1" is_visible="true" id="path-effect1202" effect="bspline"/>
    <inkscape:path-effect effect="bspline" id="path-effect1196" is_visible="true" lpeversion="1" weight="33.333333" steps="2" helper_size="0" apply_no_weight="true" apply_with_weight="true" only_selected="false"/>
    <inkscape:path-effect only_selected="false" apply_with_weight="true" apply_no_weight="true" helper_size="0" steps="2" weight="33.333333" lpeversion="1" is_visible="true" id="path-effect1790" effect="bspline"/>
    <inkscape:path-effect only_selected="false" apply_with_weight="true" apply_no_weight="true" helper_size="0" steps="2" weight="33.333333" lpeversion="1" is_visible="true" id="path-effect1601" effect="bspline"/>
    <inkscape:path-effect only_selected="false" apply_with_weight="true" apply_no_weight="true" helper_size="0" steps="2" weight="33.333333" lpeversion="1" is_visible="true" id="path-effect1597" effect="bspline"/>
    <inkscape:path-effect only_selected="false" apply_with_weight="true" apply_no_weight="true" helper_size="0" steps="2" weight="33.333333" lpeversion="1" is_visible="true" id="path-effect1439" effect="bspline"/>
    <inkscape:path-effect only_selected="false" apply_with_weight="true" apply_no_weight="true" helper_size="0" steps="2" weight="33.333333" lpeversion="1" is_visible="true" id="path-effect336" effect="bspline"/>
    <inkscape:path-effect only_selected="false" apply_with_weight="true" apply_no_weight="true" helper_size="0" steps="2" weight="33.333333" lpeversion="1" is_visible="true" id="path-effect332" effect="bspline"/>
    <inkscape:path-effect only_selected="false" apply_with_weight="true" apply_no_weight="true" helper_size="0" steps="2" weight="33.333333" lpeversion="1" is_visible="true" id="path-effect191" effect="bspline"/>
    <inkscape:path-effect only_selected="false" apply_with_weight="true" apply_no_weight="true" helper_size="0" steps="2" weight="33.333333" lpeversion="1" is_visible="true" id="path-effect187" effect="bspline"/>
    <inkscape:path-effect only_selected="false" apply_with_weight="true" apply_no_weight="true" helper_size="0" steps="2" weight="33.333333" lpeversion="1" is_visible="true" id="path-effect183" effect="bspline"/>
    <inkscape:path-effect only_selected="false" apply_with_weight="true" apply_no_weight="true" helper_size="0" steps="2" weight="33.333333" lpeversion="1" is_visible="true" id="path-effect179" effect="bspline"/>
    <inkscape:path-effect only_selected="false" apply_with_weight="true" apply_no_weight="true" helper_size="0" steps="2" weight="33.333333" lpeversion="1" is_visible="true" id="path-effect175" effect="bspline"/>
    <inkscape:path-effect only_selected="false" apply_with_weight="true" apply_no_weight="true" helper_size="0" steps="2" weight="33.333333" lpeversion="1" is_visible="true" id="path-effect171" effect="bspline"/>
    <inkscape:path-effect only_selected="false" apply_with_weight="true" apply_no_weight="true" helper_size="0" steps="2" weight="33.333333" lpeversion="1" is_visible="true" id="path-effect70" effect="bspline"/>
    <inkscape:path-effect only_selected="false" apply_with_weight="true" apply_no_weight="true" helper_size="0" steps="2" weight="33.333333" lpeversion="1" is_visible="true" id="path-effect66" effect="bspline"/>
    <inkscape:path-effect only_selected="false" apply_with_weight="true" apply_no_weight="true" helper_size="0" steps="2" weight="33.333333" lpeversion="1" is_visible="true" id="path-effect62" effect="bspline"/>
    <inkscape:path-effect only_selected="false" apply_with_weight="true" apply_no_weight="true" helper_size="0" steps="2" weight="33.333333" lpeversion="1" is_visible="true" id="path-effect58" effect="bspline"/>
    <inkscape:path-effect effect="bspline" id="path-effect1476" is_visible="true" lpeversion="1" weight="33.333333" steps="2" helper_size="0" apply_no_weight="true" apply_with_weight="true" only_selected="false"/>
    <inkscape:path-effect only_selected="false" apply_with_weight="true" apply_no_weight="true" helper_size="0" steps="2" weight="33.333333" lpeversion="1" is_visible="true" id="path-effect1251" effect="bspline"/>
    <inkscape:path-effect only_selected="false" apply_with_weight="true" apply_no_weight="true" helper_size="0" steps="2" weight="33.333333" lpeversion="1" is_visible="true" id="path-effect970" effect="bspline"/>
    <inkscape:path-effect only_selected="false" apply_with_weight="true" apply_no_weight="true" helper_size="0" steps="2" weight="33.333333" lpeversion="1" is_visible="true" id="path-effect964" effect="bspline"/>
    <inkscape:path-effect effect="bspline" id="path-effect958" is_visible="true" lpeversion="1" weight="33.333333" steps="2" helper_size="0" apply_no_weight="true" apply_with_weight="true" only_selected="false"/>
    <inkscape:path-effect effect="bspline" id="path-effect952" is_visible="true" lpeversion="1" weight="33.333333" steps="2" helper_size="0" apply_no_weight="true" apply_with_weight="true" only_selected="false"/>
    <inkscape:path-effect effect="bspline" id="path-effect946" is_visible="true" lpeversion="1" weight="33.333333" steps="2" helper_size="0" apply_no_weight="true" apply_with_weight="true" only_selected="false"/>
    <inkscape:path-effect effect="bspline" id="path-effect942" is_visible="true" lpeversion="1" weight="33.333333" steps="2" helper_size="0" apply_no_weight="true" apply_with_weight="true" only_selected="false"/>
    <inkscape:path-effect only_selected="false" apply_with_weight="true" apply_no_weight="true" helper_size="0" steps="2" weight="33.333333" lpeversion="1" is_visible="true" id="path-effect938" effect="bspline"/>
    <inkscape:path-effect only_selected="false" apply_with_weight="true" apply_no_weight="true" helper_size="0" steps="2" weight="33.333333" lpeversion="1" is_visible="true" id="path-effect934" effect="bspline"/>
    <inkscape:path-effect effect="bspline" id="path-effect856" is_visible="true" lpeversion="1" weight="33.333333" steps="2" helper_size="0" apply_no_weight="true" apply_with_weight="true" only_selected="false"/>
    <inkscape:path-effect effect="bspline" id="path-effect852" is_visible="true" lpeversion="1" weight="33.333333" steps="2" helper_size="0" apply_no_weight="true" apply_with_weight="true" only_selected="false"/>
    <inkscape:path-effect only_selected="false" apply_with_weight="true" apply_no_weight="true" helper_size="0" steps="2" weight="33.333333" lpeversion="1" is_visible="true" id="path-effect848" effect="bspline"/>
    <inkscape:path-effect only_selected="false" apply_with_weight="true" apply_no_weight="true" helper_size="0" steps="2" weight="33.333333" lpeversion="1" is_visible="true" id="path-effect844" effect="bspline"/>
    <inkscape:path-effect only_selected="false" apply_with_weight="true" apply_no_weight="true" helper_size="0" steps="2" weight="33.333333" lpeversion="1" is_visible="true" id="path-effect840" effect="bspline"/>
    <inkscape:path-effect only_selected="false" apply_with_weight="true" apply_no_weight="true" helper_size="0" steps="2" weight="33.333333" lpeversion="1" is_visible="true" id="path-effect834" effect="bspline"/>
    <inkscape:path-effect effect="bspline" id="path-effect830" is_visible="true" lpeversion="1" weight="33.333333" steps="2" helper_size="0" apply_no_weight="true" apply_with_weight="true" only_selected="false"/>
    <inkscape:path-effect effect="bspline" id="path-effect826" is_visible="true" lpeversion="1" weight="33.333333" steps="2" helper_size="0" apply_no_weight="true" apply_with_weight="true" only_selected="false"/>
    <inkscape:path-effect only_selected="false" apply_with_weight="true" apply_no_weight="true" helper_size="0" steps="2" weight="33.333333" lpeversion="1" is_visible="true" id="path-effect825" effect="bspline"/>
  </defs>
  <sodipodi:namedview fit-margin-bottom="0" fit-margin-right="0" fit-margin-left="0" fit-margin-top="0" inkscape:snap-global="true" inkscape:window-maximized="1" inkscape:window-y="24" inkscape:window-x="1985" inkscape:window-height="1056" inkscape:window-width="1855" showgrid="true" inkscape:current-layer="g2013" inkscape:document-units="mm" inkscape:cy="158.19157" inkscape:cx="620.4107" inkscape:zoom="0.79815972" inkscape:pageshadow="2" inkscape:pageopacity="0.0" borderopacity="1.0" bordercolor="#666666" pagecolor="#ffffff" id="base" inkscape:snap-bbox="true" inkscape:bbox-paths="true" inkscape:bbox-nodes="true" inkscape:snap-bbox-edge-midpoints="true" inkscape:snap-bbox-midpoints="true" inkscape:object-paths="true" inkscape:snap-intersection-paths="true" inkscape:snap-smooth-nodes="true" inkscape:snap-midpoints="true">
    <inkscape:grid originy="0" originx="0" type="xygrid" id="grid836"/>
  </sodipodi:namedview>
  <g id="layer1" inkscape:groupmode="layer" inkscape:label="Layer 1">
    <g id="g2013">
      <g id="g260">
        <path inkscape:original-d="m 15,25 c 5.000264,2.64e-4 10.000264,2.64e-4 15,0" inkscape:path-effect="#path-effect58" id="path56" d="m 15,25 c 5.000264,0 10.000264,0 15,0" style="fill:none;stroke:#000000;stroke-width:0.264583px;stroke-linecap:butt;stroke-linejoin:miter;stroke-opacity:1">
          <desc id="desc98">optics:beam</desc>
        </path>
        <path inkscape:original-d="m 75,15 c 2.64e-4,5.000264 2.64e-4,10.000264 0,15" inkscape:path-effect="#path-effect62" id="path60" d="m 75,15 c 0,5.000264 0,10.000264 0,15" style="fill:none;stroke:#000000;stroke-width:0.264583px;stroke-linecap:butt;stroke-linejoin:miter;stroke-opacity:1">
          <desc id="desc101">optics:beam</desc>
        </path>
        <path inkscape:original-d="m 135,25 c -4.99974,2.64e-4 -9.99974,2.64e-4 -15,0" inkscape:path-effect="#path-effect66" id="path64" d="m 135,25 c -4.99974,0 -9.99974,0 -15,0" style="fill:none;stroke:#000000;stroke-width:0.264583px;stroke-linecap:butt;stroke-linejoin:miter;stroke-opacity:1">
          <desc id="desc104">optics:beam</desc>
        </path>
        <path inkscape:original-d="M 175,34.999998 C 175.00026,30.000265 175.00026,25.000264 175,20" inkscape:path-effect="#path-effect70" id="path68" d="M 175,34.999998 C 175,30.000265 175,25.000264 175,20" style="fill:none;stroke:#000000;stroke-width:0.264583px;stroke-linecap:butt;stroke-linejoin:miter;stroke-opacity:1">
          <desc id="desc107">optics:beam</desc>
        </path>
        <path sodipodi:nodetypes="cc" inkscape:original-d="m 50,0 c 2.65e-4,33.333597 2.65e-4,66.666932 0,100" inkscape:path-effect="#path-effect171" id="path169" d="m 50,0 c 0,33.333597 0,66.666932 0,100" style="fill:none;stroke:#000000;stroke-width:0.264583px;stroke-linecap:butt;stroke-linejoin:miter;stroke-opacity:1">
          <desc id="desc233">optics:beam_dump</desc>
        </path>
        <path sodipodi:nodetypes="cc" inkscape:original-d="m 100,0 c 2.6e-4,33.333597 2.6e-4,66.666932 0,100" inkscape:path-effect="#path-effect175" id="path173" d="m 100,0 c 0,33.333597 0,66.666932 0,100" style="fill:none;stroke:#000000;stroke-width:0.264583px;stroke-linecap:butt;stroke-linejoin:miter;stroke-opacity:1">
          <desc id="desc236">optics:beam_dump</desc>
        </path>
        <path sodipodi:nodetypes="cc" inkscape:original-d="m 150,0 c 2.6e-4,33.333597 2.6e-4,66.666932 0,100" inkscape:path-effect="#path-effect179" id="path177" d="m 150,0 c 0,33.333597 0,66.666932 0,100" style="fill:none;stroke:#000000;stroke-width:0.264583px;stroke-linecap:butt;stroke-linejoin:miter;stroke-opacity:1">
          <desc id="desc239">optics:beam_dump</desc>
        </path>
        <path sodipodi:nodetypes="cc" inkscape:original-d="m 200,0 c 2.6e-4,33.333597 2.6e-4,66.666932 0,100" inkscape:path-effect="#path-effect183" id="path181" d="m 200,0 c 0,33.333597 0,66.666932 0,100" style="fill:none;stroke:#000000;stroke-width:0.264583px;stroke-linecap:butt;stroke-linejoin:miter;stroke-opacity:1">
          <desc id="desc242">optics:beam_dump</desc>
        </path>
        <path sodipodi:nodetypes="cc" inkscape:original-d="m 250,0 c 2.6e-4,33.333597 2.6e-4,66.666932 0,100" inkscape:path-effect="#path-effect187" id="path185" d="m 250,0 c 0,33.333597 0,66.666932 0,100" style="fill:none;stroke:#000000;stroke-width:0.264583px;stroke-linecap:butt;stroke-linejoin:miter;stroke-opacity:1">
          <desc id="desc245">optics:beam_dump</desc>
        </path>
        <path sodipodi:nodetypes="cc" inkscape:original-d="m 0,50 c 100.00027,2.65e-4 200.00027,2.65e-4 300,0" inkscape:path-effect="#path-effect191" id="path189" d="m 0,50 c 100.00027,0 200.00027,0 300,0" style="fill:none;stroke:#000000;stroke-width:0.264583px;stroke-linecap:butt;stroke-linejoin:miter;stroke-opacity:1">
          <desc id="desc248">optics:beam_dump</desc>
        </path>
        <path inkscape:original-d="M 215,34.999998 C 220.00026,30.000265 225.00026,25.000264 230,20" inkscape:path-effect="#path-effect332" id="path330" d="M 215,34.999998 C 220,30.000002 225,25.000002 230,20" style="fill:none;stroke:#000000;stroke-width:0.264583px;stroke-linecap:butt;stroke-linejoin:miter;stroke-opacity:1">
          <desc id="desc392">optics:beam</desc>
        </path>
        <path inkscape:original-d="m 262.08555,32.029781 c 7.13254,-4.811231 14.26481,-9.622725 21.39681,-14.434484" inkscape:path-effect="#path-effect336" id="path334" d="m 262.08555,32.029781 c 7.13233,-4.811537 14.2646,-9.623032 21.39681,-14.434484" style="fill:none;stroke:#000000;stroke-width:0.264583px;stroke-linecap:butt;stroke-linejoin:miter;stroke-opacity:1">
          <desc id="desc395">optics:beam</desc>
        </path>
        <path inkscape:original-d="m 15,79.999998 c 5.000264,2.64e-4 10.000264,2.64e-4 15,0" inkscape:path-effect="#path-effect1439" id="path1437" d="m 15,79.999998 c 5.000264,0 10.000264,0 15,0" style="fill:none;stroke:#ff0000;stroke-width:0.465;stroke-linecap:butt;stroke-linejoin:miter;stroke-miterlimit:4;stroke-dasharray:0.465, 0.465;stroke-dashoffset:0;stroke-opacity:1">
          <desc id="desc1500">optics:beam</desc>
        </path>
        <g transform="matrix(0.707107 -0.707107 0.707107 0.707107 -32.8338 66.1612)" id="g1605">
          <path style="fill:none;stroke:#000000;stroke-width:0.264583px;stroke-linecap:butt;stroke-linejoin:miter;stroke-opacity:1" d="m 64.999999,84.999998 c 3.447682,0 6.666931,0 10.000001,0" id="path1595" inkscape:path-effect="#path-effect1597" inkscape:original-d="m 64.999999,84.999998 c 3.447682,0.134692 6.666931,2.65e-4 10.000001,0">
            <desc id="desc1670">optics:beam</desc>
          </path>
          <path style="fill:none;stroke:#000000;stroke-width:0.264583px;stroke-linecap:butt;stroke-linejoin:miter;stroke-opacity:1" d="m 64.999999,79.999998 c 3.333599,0 6.666931,0 10.000001,0" id="path1599" inkscape:path-effect="#path-effect1601" inkscape:original-d="m 64.999999,79.999998 c 3.333599,2.64e-4 6.666931,2.64e-4 10.000001,0">
            <desc id="desc1673">optics:beam</desc>
          </path>
        </g>
        <path inkscape:original-d="m 115,69.999999 c 2.6e-4,1.666931 2.6e-4,3.333597 0,5.000001 1.66696,1.666965 3.3336,3.333596 5,4.999998 1.66696,2.64e-4 3.3336,2.64e-4 5,0" inkscape:path-effect="#path-effect1790" id="path1788" d="m 115,69.999999 c 0,1.666931 0,3.333597 0.83348,5.00028 0.83348,1.666683 2.50012,3.333318 4.1668,4.166519 1.66668,0.8332 3.33332,0.8332 4.99972,0.8332" style="fill:none;stroke:#000000;stroke-width:0.264583px;stroke-linecap:butt;stroke-linejoin:miter;stroke-opacity:1">
          <desc id="desc1861">optics:beam</desc>
        </path>
        <path style="fill:none;stroke:#000000;stroke-width:0.264583px;stroke-linecap:butt;stroke-linejoin:miter;stroke-opacity:1" d="m 175,122.5 c 0,-4.99973 0,-9.99974 0,-15" id="path1194" inkscape:path-effect="#path-effect1196" inkscape:original-d="m 175,122.5 c 2.6e-4,-4.99973 2.6e-4,-9.99974 0,-15">
          <desc id="desc1192">optics:beam</desc>
        </path>
        <path inkscape:original-d="m 224.86771,107.5 c 2.6e-4,4.99973 2.6e-4,9.99974 0,15" inkscape:path-effect="#path-effect1202" id="path1200" d="m 224.86771,107.5 c 0,4.99973 0,9.99974 0,15" style="fill:none;stroke:#000000;stroke-width:0.264583px;stroke-linecap:butt;stroke-linejoin:miter;stroke-opacity:1">
          <desc id="desc1198">optics:beam</desc>
        </path>
      </g>
    </g>
  </g>
<svg:g inkscape:groupmode="layer" inkscape:label="rendered_beams"><svg:path style="fill:none;stroke:#000000;stroke-width:0.264583px;stroke-linecap:butt;stroke-linejoin:miter;stroke-opacity:1" d="M 30 25 L 50 25"/><svg:path style="fill:none;stroke:#000000;stroke-width:0.264583px;stroke-linecap:butt;stroke-linejoin:miter;stroke-opacity:1" d="M 75 30 L 75 50"/><svg:path style="fill:none;stroke:#000000;stroke-width:0.264583px;stroke-linecap:butt;stroke-linejoin:miter;stroke-opacity:1" d="M 120 25 L 100 25"/><svg:path style="fill:none;stroke:#000000;stroke-width:0.264583px;stroke-linecap:butt;stroke-linejoin:miter;stroke-opacity:1" d="M 175 20 L 175 0"/><svg:path style="fill:none;stroke:#000000;stroke-width:0.264583px;stroke-linecap:butt;stroke-linejoin:miter;stroke-opacity:1" d="M 230 20 L 250 1.06581e-14"/><svg:path style="fill:none;stroke:#000000;stroke-width:0.264583px;stroke-linecap:butt;stroke-linejoin:miter;stroke-opacity:1" d="M 283.483 17.5953 L 300 6.45259"/><svg:path style="fill:none;stroke:#ff0000;stroke-width:0.465;stroke-linecap:butt;stroke-linejoin:miter;stroke-miterlimit:4;stroke-dasharray:0.465, 0.465;stroke-dashoffset:0;stroke-opacity:1" d="M 30 80 L 50 80"/><svg:path style="fill:none;stroke:#000000;stroke-width:0.264583px;stroke-linecap:butt;stroke-linejoin:miter;stroke-opacity:1" d="M 80.3033 73.2322 L 100 53.5355"/><svg:path style="fill:none;stroke:#000000;stroke-width:0.264583px;stroke-linecap:butt;stroke-linejoin:miter;stroke-opacity:1" d="M 76.7678 69.6967 L 96.4645 50"/><svg:path style="fill:none;stroke:#000000;stroke-width:0.264583px;stroke-linecap:butt;stroke-linejoin:miter;stroke-opacity:1" d="M 125 80 L 150 80"/></svg:g></svg>